Archive member included to satisfy reference by file (symbol)

/usr/lib/gcc/avr/4.9.2/avr51/libgcc.a(_divmodhi4.o)
                              ./ax.o (__divmodhi4)
/usr/lib/gcc/avr/4.9.2/avr51/libgcc.a(_exit.o)
                              /usr/lib/gcc/avr/4.9.2/../../../avr/lib/avr51/crtat90can128.o (exit)
/usr/lib/gcc/avr/4.9.2/avr51/libgcc.a(_clear_bss.o)
                              ./dynamixel.o (__do_clear_bss)
/usr/lib/gcc/avr/4.9.2/avr51/libgcc.a(_umulhisi3.o)
                              ./ax.o (__umulhisi3)
/usr/lib/gcc/avr/4.9.2/avr51/libgcc.a(_udivmodhi4.o)
                              /usr/lib/gcc/avr/4.9.2/avr51/libgcc.a(_divmodhi4.o) (__udivmodhi4)
/usr/lib/gcc/avr/4.9.2/../../../avr/lib/avr51/libm.a(addsf3.o)
                              ./usart.o (__subsf3)
/usr/lib/gcc/avr/4.9.2/../../../avr/lib/avr51/libm.a(addsf3x.o)
                              /usr/lib/gcc/avr/4.9.2/../../../avr/lib/avr51/libm.a(addsf3.o) (__addsf3x)
/usr/lib/gcc/avr/4.9.2/../../../avr/lib/avr51/libm.a(cmpsf2.o)
                              ./dynamixel.o (__ltsf2)
/usr/lib/gcc/avr/4.9.2/../../../avr/lib/avr51/libm.a(divsf3.o)
                              ./ax.o (__divsf3)
/usr/lib/gcc/avr/4.9.2/../../../avr/lib/avr51/libm.a(divsf3x.o)
                              /usr/lib/gcc/avr/4.9.2/../../../avr/lib/avr51/libm.a(divsf3.o) (__divsf3x)
/usr/lib/gcc/avr/4.9.2/../../../avr/lib/avr51/libm.a(fixunssfsi.o)
                              ./ax.o (__fixunssfsi)
/usr/lib/gcc/avr/4.9.2/../../../avr/lib/avr51/libm.a(floatsisf.o)
                              ./ax.o (__floatunsisf)
/usr/lib/gcc/avr/4.9.2/../../../avr/lib/avr51/libm.a(fp_cmp.o)
                              /usr/lib/gcc/avr/4.9.2/../../../avr/lib/avr51/libm.a(cmpsf2.o) (__fp_cmp)
/usr/lib/gcc/avr/4.9.2/../../../avr/lib/avr51/libm.a(fp_inf.o)
                              /usr/lib/gcc/avr/4.9.2/../../../avr/lib/avr51/libm.a(addsf3x.o) (__fp_inf)
/usr/lib/gcc/avr/4.9.2/../../../avr/lib/avr51/libm.a(fp_nan.o)
                              /usr/lib/gcc/avr/4.9.2/../../../avr/lib/avr51/libm.a(addsf3x.o) (__fp_nan)
/usr/lib/gcc/avr/4.9.2/../../../avr/lib/avr51/libm.a(fp_pscA.o)
                              /usr/lib/gcc/avr/4.9.2/../../../avr/lib/avr51/libm.a(addsf3x.o) (__fp_pscA)
/usr/lib/gcc/avr/4.9.2/../../../avr/lib/avr51/libm.a(fp_pscB.o)
                              /usr/lib/gcc/avr/4.9.2/../../../avr/lib/avr51/libm.a(addsf3x.o) (__fp_pscB)
/usr/lib/gcc/avr/4.9.2/../../../avr/lib/avr51/libm.a(fp_round.o)
                              /usr/lib/gcc/avr/4.9.2/../../../avr/lib/avr51/libm.a(addsf3.o) (__fp_round)
/usr/lib/gcc/avr/4.9.2/../../../avr/lib/avr51/libm.a(fp_split3.o)
                              /usr/lib/gcc/avr/4.9.2/../../../avr/lib/avr51/libm.a(addsf3x.o) (__fp_split3)
/usr/lib/gcc/avr/4.9.2/../../../avr/lib/avr51/libm.a(fp_zero.o)
                              /usr/lib/gcc/avr/4.9.2/../../../avr/lib/avr51/libm.a(addsf3x.o) (__fp_zero)
/usr/lib/gcc/avr/4.9.2/../../../avr/lib/avr51/libm.a(gesf2.o)
                              ./dynamixel.o (__gtsf2)
/usr/lib/gcc/avr/4.9.2/../../../avr/lib/avr51/libm.a(mulsf3.o)
                              ./ax.o (__mulsf3)
/usr/lib/gcc/avr/4.9.2/../../../avr/lib/avr51/libm.a(mulsf3x.o)
                              /usr/lib/gcc/avr/4.9.2/../../../avr/lib/avr51/libm.a(mulsf3.o) (__mulsf3x)

Allocating common symbols
Common symbol       size              file

dynamixel_txpacket  0x80              ./dynamixel.o
dynamixel_rxpacket  0x80              ./dynamixel.o

Memory Configuration

Name             Origin             Length             Attributes
text             0x0000000000000000 0x0000000000020000 xr
data             0x0000000000800100 0x000000000000ff00 rw !x
eeprom           0x0000000000810000 0x0000000000010000 rw !x
fuse             0x0000000000820000 0x0000000000000400 rw !x
lock             0x0000000000830000 0x0000000000000400 rw !x
signature        0x0000000000840000 0x0000000000000400 rw !x
user_signatures  0x0000000000850000 0x0000000000000400 rw !x
*default*        0x0000000000000000 0xffffffffffffffff

Linker script and memory map

Address of section .data set to 0x800100
LOAD /usr/lib/gcc/avr/4.9.2/../../../avr/lib/avr51/crtat90can128.o
LOAD ./ax.o
LOAD ./dynamixel.o
LOAD ./main.o
LOAD ./usart.o
START GROUP
LOAD /usr/lib/gcc/avr/4.9.2/avr51/libgcc.a
LOAD /usr/lib/gcc/avr/4.9.2/../../../avr/lib/avr51/libm.a
LOAD /usr/lib/gcc/avr/4.9.2/../../../avr/lib/avr51/libc.a
LOAD /usr/lib/gcc/avr/4.9.2/../../../avr/lib/avr51/libat90can128.a
END GROUP

.hash
 *(.hash)

.dynsym
 *(.dynsym)

.dynstr
 *(.dynstr)

.gnu.version
 *(.gnu.version)

.gnu.version_d
 *(.gnu.version_d)

.gnu.version_r
 *(.gnu.version_r)

.rel.init
 *(.rel.init)

.rela.init
 *(.rela.init)

.rel.text
 *(.rel.text)
 *(.rel.text.*)
 *(.rel.gnu.linkonce.t*)

.rela.text
 *(.rela.text)
 *(.rela.text.*)
 *(.rela.gnu.linkonce.t*)

.rel.fini
 *(.rel.fini)

.rela.fini
 *(.rela.fini)

.rel.rodata
 *(.rel.rodata)
 *(.rel.rodata.*)
 *(.rel.gnu.linkonce.r*)

.rela.rodata
 *(.rela.rodata)
 *(.rela.rodata.*)
 *(.rela.gnu.linkonce.r*)

.rel.data
 *(.rel.data)
 *(.rel.data.*)
 *(.rel.gnu.linkonce.d*)

.rela.data
 *(.rela.data)
 *(.rela.data.*)
 *(.rela.gnu.linkonce.d*)

.rel.ctors
 *(.rel.ctors)

.rela.ctors
 *(.rela.ctors)

.rel.dtors
 *(.rel.dtors)

.rela.dtors
 *(.rela.dtors)

.rel.got
 *(.rel.got)

.rela.got
 *(.rela.got)

.rel.bss
 *(.rel.bss)

.rela.bss
 *(.rela.bss)

.rel.plt
 *(.rel.plt)

.rela.plt
 *(.rela.plt)

.text           0x0000000000000000     0x15b4
 *(.vectors)
 .vectors       0x0000000000000000       0x94 /usr/lib/gcc/avr/4.9.2/../../../avr/lib/avr51/crtat90can128.o
                0x0000000000000000                __vectors
                0x0000000000000000                __vector_default
 *(.vectors)
 *(.progmem.gcc*)
                0x0000000000000094                . = ALIGN (0x2)
                0x0000000000000094                __trampolines_start = .
 *(.trampolines)
 .trampolines   0x0000000000000094        0x0 linker stubs
 *(.trampolines*)
                0x0000000000000094                __trampolines_end = .
 *(.progmem*)
                0x0000000000000094                . = ALIGN (0x2)
 *(.jumptables)
 *(.jumptables*)
 *(.lowtext)
 *(.lowtext*)
                0x0000000000000094                __ctors_start = .
 *(.ctors)
                0x0000000000000094                __ctors_end = .
                0x0000000000000094                __dtors_start = .
 *(.dtors)
                0x0000000000000094                __dtors_end = .
 SORT(*)(.ctors)
 SORT(*)(.dtors)
 *(.init0)
 .init0         0x0000000000000094        0x0 /usr/lib/gcc/avr/4.9.2/../../../avr/lib/avr51/crtat90can128.o
                0x0000000000000094                __init
 *(.init0)
 *(.init1)
 *(.init1)
 *(.init2)
 .init2         0x0000000000000094        0xc /usr/lib/gcc/avr/4.9.2/../../../avr/lib/avr51/crtat90can128.o
 *(.init2)
 *(.init3)
 *(.init3)
 *(.init4)
 .init4         0x00000000000000a0       0x10 /usr/lib/gcc/avr/4.9.2/avr51/libgcc.a(_clear_bss.o)
                0x00000000000000a0                __do_clear_bss
 *(.init4)
 *(.init5)
 *(.init5)
 *(.init6)
 *(.init6)
 *(.init7)
 *(.init7)
 *(.init8)
 *(.init8)
 *(.init9)
 .init9         0x00000000000000b0        0x8 /usr/lib/gcc/avr/4.9.2/../../../avr/lib/avr51/crtat90can128.o
 *(.init9)
 *(.text)
 .text          0x00000000000000b8        0x4 /usr/lib/gcc/avr/4.9.2/../../../avr/lib/avr51/crtat90can128.o
                0x00000000000000b8                __vector_22
                0x00000000000000b8                __vector_28
                0x00000000000000b8                __vector_1
                0x00000000000000b8                __vector_24
                0x00000000000000b8                __vector_12
                0x00000000000000b8                __bad_interrupt
                0x00000000000000b8                __vector_6
                0x00000000000000b8                __vector_31
                0x00000000000000b8                __vector_35
                0x00000000000000b8                __vector_3
                0x00000000000000b8                __vector_23
                0x00000000000000b8                __vector_30
                0x00000000000000b8                __vector_25
                0x00000000000000b8                __vector_11
                0x00000000000000b8                __vector_13
                0x00000000000000b8                __vector_17
                0x00000000000000b8                __vector_19
                0x00000000000000b8                __vector_7
                0x00000000000000b8                __vector_27
                0x00000000000000b8                __vector_5
                0x00000000000000b8                __vector_33
                0x00000000000000b8                __vector_4
                0x00000000000000b8                __vector_9
                0x00000000000000b8                __vector_2
                0x00000000000000b8                __vector_15
                0x00000000000000b8                __vector_36
                0x00000000000000b8                __vector_29
                0x00000000000000b8                __vector_8
                0x00000000000000b8                __vector_26
                0x00000000000000b8                __vector_14
                0x00000000000000b8                __vector_10
                0x00000000000000b8                __vector_16
                0x00000000000000b8                __vector_18
                0x00000000000000b8                __vector_20
 .text          0x00000000000000bc        0x0 ./ax.o
 .text          0x00000000000000bc        0x0 ./dynamixel.o
 .text          0x00000000000000bc        0x0 ./main.o
 .text          0x00000000000000bc        0x0 ./usart.o
 .text          0x00000000000000bc        0x0 /usr/lib/gcc/avr/4.9.2/avr51/libgcc.a(_divmodhi4.o)
 .text          0x00000000000000bc        0x0 /usr/lib/gcc/avr/4.9.2/avr51/libgcc.a(_exit.o)
 .text          0x00000000000000bc        0x0 /usr/lib/gcc/avr/4.9.2/avr51/libgcc.a(_clear_bss.o)
 .text          0x00000000000000bc        0x0 /usr/lib/gcc/avr/4.9.2/avr51/libgcc.a(_umulhisi3.o)
 .text          0x00000000000000bc        0x0 /usr/lib/gcc/avr/4.9.2/avr51/libgcc.a(_udivmodhi4.o)
 .text          0x00000000000000bc        0x0 /usr/lib/gcc/avr/4.9.2/../../../avr/lib/avr51/libm.a(addsf3.o)
 .text          0x00000000000000bc        0x0 /usr/lib/gcc/avr/4.9.2/../../../avr/lib/avr51/libm.a(addsf3x.o)
 .text          0x00000000000000bc        0x0 /usr/lib/gcc/avr/4.9.2/../../../avr/lib/avr51/libm.a(cmpsf2.o)
 .text          0x00000000000000bc        0x0 /usr/lib/gcc/avr/4.9.2/../../../avr/lib/avr51/libm.a(divsf3.o)
 .text          0x00000000000000bc        0x0 /usr/lib/gcc/avr/4.9.2/../../../avr/lib/avr51/libm.a(divsf3x.o)
 .text          0x00000000000000bc        0x0 /usr/lib/gcc/avr/4.9.2/../../../avr/lib/avr51/libm.a(fixunssfsi.o)
 .text          0x00000000000000bc        0x0 /usr/lib/gcc/avr/4.9.2/../../../avr/lib/avr51/libm.a(floatsisf.o)
 .text          0x00000000000000bc        0x0 /usr/lib/gcc/avr/4.9.2/../../../avr/lib/avr51/libm.a(fp_cmp.o)
 .text          0x00000000000000bc        0x0 /usr/lib/gcc/avr/4.9.2/../../../avr/lib/avr51/libm.a(fp_inf.o)
 .text          0x00000000000000bc        0x0 /usr/lib/gcc/avr/4.9.2/../../../avr/lib/avr51/libm.a(fp_nan.o)
 .text          0x00000000000000bc        0x0 /usr/lib/gcc/avr/4.9.2/../../../avr/lib/avr51/libm.a(fp_pscA.o)
 .text          0x00000000000000bc        0x0 /usr/lib/gcc/avr/4.9.2/../../../avr/lib/avr51/libm.a(fp_pscB.o)
 .text          0x00000000000000bc        0x0 /usr/lib/gcc/avr/4.9.2/../../../avr/lib/avr51/libm.a(fp_round.o)
 .text          0x00000000000000bc        0x0 /usr/lib/gcc/avr/4.9.2/../../../avr/lib/avr51/libm.a(fp_split3.o)
 .text          0x00000000000000bc        0x0 /usr/lib/gcc/avr/4.9.2/../../../avr/lib/avr51/libm.a(fp_zero.o)
 .text          0x00000000000000bc        0x0 /usr/lib/gcc/avr/4.9.2/../../../avr/lib/avr51/libm.a(gesf2.o)
 .text          0x00000000000000bc        0x0 /usr/lib/gcc/avr/4.9.2/../../../avr/lib/avr51/libm.a(mulsf3.o)
 .text          0x00000000000000bc        0x0 /usr/lib/gcc/avr/4.9.2/../../../avr/lib/avr51/libm.a(mulsf3x.o)
                0x00000000000000bc                . = ALIGN (0x2)
 *(.text.*)
 .text.ax_convert_angle_to_10
                0x00000000000000bc       0x68 ./ax.o
 .text.ax_convert_10_to_angle
                0x0000000000000124       0x58 ./ax.o
 .text.ax_convert_speed_to_10
                0x000000000000017c       0x44 ./ax.o
 .text.ax_convert_10_to_speed
                0x00000000000001c0       0x38 ./ax.o
 .text.ax_set_angle
                0x00000000000001f8       0x7a ./ax.o
                0x00000000000001f8                ax_set_angle
 .text.ax_get_speed
                0x0000000000000272       0x38 ./ax.o
                0x0000000000000272                ax_get_speed
 .text.ax_get_angle
                0x00000000000002aa       0x46 ./ax.o
                0x00000000000002aa                ax_get_angle
 .text.ax_check_moving
                0x00000000000002f0       0x2e ./ax.o
                0x00000000000002f0                ax_check_moving
 .text.ax_check_temperature
                0x000000000000031e       0x2e ./ax.o
                0x000000000000031e                ax_check_temperature
 .text.ax_check_voltage
                0x000000000000034c       0x3c ./ax.o
                0x000000000000034c                ax_check_voltage
 .text.__vector_21
                0x0000000000000388       0x68 ./dynamixel.o
                0x0000000000000388                __vector_21
 .text.dynamixel_init
                0x00000000000003f0       0x92 ./dynamixel.o
                0x00000000000003f0                dynamixel_init
 .text.dynamixel_settx
                0x0000000000000482       0x32 ./dynamixel.o
                0x0000000000000482                dynamixel_settx
 .text.dynamixel_setrx
                0x00000000000004b4      0x242 ./dynamixel.o
                0x00000000000004b4                dynamixel_setrx
 .text.dynamixel_write
                0x00000000000006f6       0x34 ./dynamixel.o
                0x00000000000006f6                dynamixel_write
 .text.dynamixel_calculatechecksum
                0x000000000000072a       0x74 ./dynamixel.o
                0x000000000000072a                dynamixel_calculatechecksum
 .text.dynamixel_writepacket
                0x000000000000079e       0x4a ./dynamixel.o
                0x000000000000079e                dynamixel_writepacket
 .text.dynamixel_readpacket
                0x00000000000007e8       0x94 ./dynamixel.o
                0x00000000000007e8                dynamixel_readpacket
 .text.dynamixel_txrx
                0x000000000000087c       0xc2 ./dynamixel.o
                0x000000000000087c                dynamixel_txrx
 .text.dynamixel_ping
                0x000000000000093e       0x32 ./dynamixel.o
                0x000000000000093e                dynamixel_ping
 .text.dynamixel_readbyte
                0x0000000000000970       0x66 ./dynamixel.o
                0x0000000000000970                dynamixel_readbyte
 .text.dynamixel_readword
                0x00000000000009d6       0x74 ./dynamixel.o
                0x00000000000009d6                dynamixel_readword
 .text.dynamixel_readtable
                0x0000000000000a4a       0xb4 ./dynamixel.o
                0x0000000000000a4a                dynamixel_readtable
 .text.dynamixel_writebyte
                0x0000000000000afe       0x48 ./dynamixel.o
                0x0000000000000afe                dynamixel_writebyte
 .text.dynamixel_writeword
                0x0000000000000b46       0x5e ./dynamixel.o
                0x0000000000000b46                dynamixel_writeword
 .text.dynamixel_syncwrite
                0x0000000000000ba4       0xbe ./dynamixel.o
                0x0000000000000ba4                dynamixel_syncwrite
 .text.dynamixel_reset
                0x0000000000000c62       0x32 ./dynamixel.o
                0x0000000000000c62                dynamixel_reset
 .text.dynamixel_makeword
                0x0000000000000c94       0x2c ./dynamixel.o
                0x0000000000000c94                dynamixel_makeword
 .text.dynamixel_getlowbyte
                0x0000000000000cc0       0x1a ./dynamixel.o
                0x0000000000000cc0                dynamixel_getlowbyte
 .text.dynamixel_gethighbyte
                0x0000000000000cda       0x20 ./dynamixel.o
                0x0000000000000cda                dynamixel_gethighbyte
 .text.main     0x0000000000000cfa       0x2c ./main.o
                0x0000000000000cfa                main
 .text.UART1_Init
                0x0000000000000d26      0x100 ./usart.o
                0x0000000000000d26                UART1_Init
 .text.__vector_34
                0x0000000000000e26       0x84 ./usart.o
                0x0000000000000e26                __vector_34
 .text.__vector_32
                0x0000000000000eaa       0x98 ./usart.o
                0x0000000000000eaa                __vector_32
 .text.altUart0Write
                0x0000000000000f42       0x34 ./usart.o
                0x0000000000000f42                altUart0Write
 .text.altUart1Write
                0x0000000000000f76       0x34 ./usart.o
                0x0000000000000f76                altUart1Write
 .text.UART1_Write
                0x0000000000000faa       0x9c ./usart.o
                0x0000000000000faa                UART1_Write
 .text.UART1_Read
                0x0000000000001046       0x8e ./usart.o
                0x0000000000001046                UART1_Read
 .text.libgcc.mul
                0x00000000000010d4        0x0 /usr/lib/gcc/avr/4.9.2/avr51/libgcc.a(_divmodhi4.o)
 .text.libgcc.div
                0x00000000000010d4       0x28 /usr/lib/gcc/avr/4.9.2/avr51/libgcc.a(_divmodhi4.o)
                0x00000000000010d4                __divmodhi4
                0x00000000000010d4                _div
 .text.libgcc   0x00000000000010fc        0x0 /usr/lib/gcc/avr/4.9.2/avr51/libgcc.a(_divmodhi4.o)
 .text.libgcc.prologue
                0x00000000000010fc        0x0 /usr/lib/gcc/avr/4.9.2/avr51/libgcc.a(_divmodhi4.o)
 .text.libgcc.builtins
                0x00000000000010fc        0x0 /usr/lib/gcc/avr/4.9.2/avr51/libgcc.a(_divmodhi4.o)
 .text.libgcc.fmul
                0x00000000000010fc        0x0 /usr/lib/gcc/avr/4.9.2/avr51/libgcc.a(_divmodhi4.o)
 .text.libgcc.fixed
                0x00000000000010fc        0x0 /usr/lib/gcc/avr/4.9.2/avr51/libgcc.a(_divmodhi4.o)
 .text.libgcc.mul
                0x00000000000010fc        0x0 /usr/lib/gcc/avr/4.9.2/avr51/libgcc.a(_exit.o)
 .text.libgcc.div
                0x00000000000010fc        0x0 /usr/lib/gcc/avr/4.9.2/avr51/libgcc.a(_exit.o)
 .text.libgcc   0x00000000000010fc        0x0 /usr/lib/gcc/avr/4.9.2/avr51/libgcc.a(_exit.o)
 .text.libgcc.prologue
                0x00000000000010fc        0x0 /usr/lib/gcc/avr/4.9.2/avr51/libgcc.a(_exit.o)
 .text.libgcc.builtins
                0x00000000000010fc        0x0 /usr/lib/gcc/avr/4.9.2/avr51/libgcc.a(_exit.o)
 .text.libgcc.fmul
                0x00000000000010fc        0x0 /usr/lib/gcc/avr/4.9.2/avr51/libgcc.a(_exit.o)
 .text.libgcc.fixed
                0x00000000000010fc        0x0 /usr/lib/gcc/avr/4.9.2/avr51/libgcc.a(_exit.o)
 .text.libgcc.mul
                0x00000000000010fc        0x0 /usr/lib/gcc/avr/4.9.2/avr51/libgcc.a(_clear_bss.o)
 .text.libgcc.div
                0x00000000000010fc        0x0 /usr/lib/gcc/avr/4.9.2/avr51/libgcc.a(_clear_bss.o)
 .text.libgcc   0x00000000000010fc        0x0 /usr/lib/gcc/avr/4.9.2/avr51/libgcc.a(_clear_bss.o)
 .text.libgcc.prologue
                0x00000000000010fc        0x0 /usr/lib/gcc/avr/4.9.2/avr51/libgcc.a(_clear_bss.o)
 .text.libgcc.builtins
                0x00000000000010fc        0x0 /usr/lib/gcc/avr/4.9.2/avr51/libgcc.a(_clear_bss.o)
 .text.libgcc.fmul
                0x00000000000010fc        0x0 /usr/lib/gcc/avr/4.9.2/avr51/libgcc.a(_clear_bss.o)
 .text.libgcc.fixed
                0x00000000000010fc        0x0 /usr/lib/gcc/avr/4.9.2/avr51/libgcc.a(_clear_bss.o)
 .text.libgcc.mul
                0x00000000000010fc       0x1e /usr/lib/gcc/avr/4.9.2/avr51/libgcc.a(_umulhisi3.o)
                0x00000000000010fc                __umulhisi3
 .text.libgcc.div
                0x000000000000111a        0x0 /usr/lib/gcc/avr/4.9.2/avr51/libgcc.a(_umulhisi3.o)
 .text.libgcc   0x000000000000111a        0x0 /usr/lib/gcc/avr/4.9.2/avr51/libgcc.a(_umulhisi3.o)
 .text.libgcc.prologue
                0x000000000000111a        0x0 /usr/lib/gcc/avr/4.9.2/avr51/libgcc.a(_umulhisi3.o)
 .text.libgcc.builtins
                0x000000000000111a        0x0 /usr/lib/gcc/avr/4.9.2/avr51/libgcc.a(_umulhisi3.o)
 .text.libgcc.fmul
                0x000000000000111a        0x0 /usr/lib/gcc/avr/4.9.2/avr51/libgcc.a(_umulhisi3.o)
 .text.libgcc.fixed
                0x000000000000111a        0x0 /usr/lib/gcc/avr/4.9.2/avr51/libgcc.a(_umulhisi3.o)
 .text.libgcc.mul
                0x000000000000111a        0x0 /usr/lib/gcc/avr/4.9.2/avr51/libgcc.a(_udivmodhi4.o)
 .text.libgcc.div
                0x000000000000111a       0x28 /usr/lib/gcc/avr/4.9.2/avr51/libgcc.a(_udivmodhi4.o)
                0x000000000000111a                __udivmodhi4
 .text.libgcc   0x0000000000001142        0x0 /usr/lib/gcc/avr/4.9.2/avr51/libgcc.a(_udivmodhi4.o)
 .text.libgcc.prologue
                0x0000000000001142        0x0 /usr/lib/gcc/avr/4.9.2/avr51/libgcc.a(_udivmodhi4.o)
 .text.libgcc.builtins
                0x0000000000001142        0x0 /usr/lib/gcc/avr/4.9.2/avr51/libgcc.a(_udivmodhi4.o)
 .text.libgcc.fmul
                0x0000000000001142        0x0 /usr/lib/gcc/avr/4.9.2/avr51/libgcc.a(_udivmodhi4.o)
 .text.libgcc.fixed
                0x0000000000001142        0x0 /usr/lib/gcc/avr/4.9.2/avr51/libgcc.a(_udivmodhi4.o)
 .text.avr-libc.fplib
                0x0000000000001142        0xe /usr/lib/gcc/avr/4.9.2/../../../avr/lib/avr51/libm.a(addsf3.o)
                0x0000000000001142                __subsf3
                0x0000000000001144                __addsf3
 .text.avr-libc.fplib
                0x0000000000001150       0xcc /usr/lib/gcc/avr/4.9.2/../../../avr/lib/avr51/libm.a(addsf3x.o)
                0x0000000000001172                __addsf3x
 .text.avr-libc.fplib
                0x000000000000121c        0xa /usr/lib/gcc/avr/4.9.2/../../../avr/lib/avr51/libm.a(cmpsf2.o)
                0x000000000000121c                __lesf2
                0x000000000000121c                __nesf2
                0x000000000000121c                __eqsf2
                0x000000000000121c                __cmpsf2
                0x000000000000121c                __ltsf2
 .text.avr-libc.fplib
                0x0000000000001226        0x8 /usr/lib/gcc/avr/4.9.2/../../../avr/lib/avr51/libm.a(divsf3.o)
                0x0000000000001226                __divsf3
 .text.avr-libc.fplib
                0x000000000000122e       0xdc /usr/lib/gcc/avr/4.9.2/../../../avr/lib/avr51/libm.a(divsf3x.o)
                0x000000000000124e                __divsf3x
                0x0000000000001254                __divsf3_pse
 .text.avr-libc.fplib
                0x000000000000130a       0x5e /usr/lib/gcc/avr/4.9.2/../../../avr/lib/avr51/libm.a(fixunssfsi.o)
                0x000000000000130a                __fixunssfsi
 .text.avr-libc.fplib
                0x0000000000001368       0x7a /usr/lib/gcc/avr/4.9.2/../../../avr/lib/avr51/libm.a(floatsisf.o)
                0x0000000000001368                __floatunsisf
                0x000000000000136c                __floatsisf
 .text.avr-libc.fplib
                0x00000000000013e2       0x48 /usr/lib/gcc/avr/4.9.2/../../../avr/lib/avr51/libm.a(fp_cmp.o)
                0x00000000000013e2                __fp_cmp
 .text.avr-libc.fplib
                0x000000000000142a        0xc /usr/lib/gcc/avr/4.9.2/../../../avr/lib/avr51/libm.a(fp_inf.o)
                0x000000000000142a                __fp_inf
 .text.avr-libc.fplib
                0x0000000000001436        0x6 /usr/lib/gcc/avr/4.9.2/../../../avr/lib/avr51/libm.a(fp_nan.o)
                0x0000000000001436                __fp_nan
 .text.avr-libc.fplib
                0x000000000000143c        0xe /usr/lib/gcc/avr/4.9.2/../../../avr/lib/avr51/libm.a(fp_pscA.o)
                0x000000000000143c                __fp_pscA
 .text.avr-libc.fplib
                0x000000000000144a        0xe /usr/lib/gcc/avr/4.9.2/../../../avr/lib/avr51/libm.a(fp_pscB.o)
                0x000000000000144a                __fp_pscB
 .text.avr-libc.fplib
                0x0000000000001458       0x22 /usr/lib/gcc/avr/4.9.2/../../../avr/lib/avr51/libm.a(fp_round.o)
                0x0000000000001458                __fp_round
 .text.avr-libc.fplib
                0x000000000000147a       0x44 /usr/lib/gcc/avr/4.9.2/../../../avr/lib/avr51/libm.a(fp_split3.o)
                0x000000000000147a                __fp_split3
                0x000000000000148a                __fp_splitA
 .text.avr-libc.fplib
                0x00000000000014be        0xe /usr/lib/gcc/avr/4.9.2/../../../avr/lib/avr51/libm.a(fp_zero.o)
                0x00000000000014be                __fp_zero
                0x00000000000014c0                __fp_szero
 .text.avr-libc.fplib
                0x00000000000014cc        0xa /usr/lib/gcc/avr/4.9.2/../../../avr/lib/avr51/libm.a(gesf2.o)
                0x00000000000014cc                __gtsf2
                0x00000000000014cc                __gesf2
 .text.avr-libc.fplib
                0x00000000000014d6        0x8 /usr/lib/gcc/avr/4.9.2/../../../avr/lib/avr51/libm.a(mulsf3.o)
                0x00000000000014d6                __mulsf3
 .text.avr-libc.fplib
                0x00000000000014de       0xd2 /usr/lib/gcc/avr/4.9.2/../../../avr/lib/avr51/libm.a(mulsf3x.o)
                0x00000000000014fc                __mulsf3x
                0x0000000000001502                __mulsf3_pse
                0x00000000000015b0                . = ALIGN (0x2)
 *(.fini9)
 .fini9         0x00000000000015b0        0x0 /usr/lib/gcc/avr/4.9.2/avr51/libgcc.a(_exit.o)
                0x00000000000015b0                exit
                0x00000000000015b0                _exit
 *(.fini9)
 *(.fini8)
 *(.fini8)
 *(.fini7)
 *(.fini7)
 *(.fini6)
 *(.fini6)
 *(.fini5)
 *(.fini5)
 *(.fini4)
 *(.fini4)
 *(.fini3)
 *(.fini3)
 *(.fini2)
 *(.fini2)
 *(.fini1)
 *(.fini1)
 *(.fini0)
 .fini0         0x00000000000015b0        0x4 /usr/lib/gcc/avr/4.9.2/avr51/libgcc.a(_exit.o)
 *(.fini0)
                0x00000000000015b4                _etext = .

.data           0x0000000000800100        0x0 load address 0x00000000000015b4
                0x0000000000800100                PROVIDE (__data_start, .)
 *(.data)
 .data          0x0000000000800100        0x0 /usr/lib/gcc/avr/4.9.2/../../../avr/lib/avr51/crtat90can128.o
 .data          0x0000000000800100        0x0 ./ax.o
 .data          0x0000000000800100        0x0 ./dynamixel.o
 .data          0x0000000000800100        0x0 ./main.o
 .data          0x0000000000800100        0x0 ./usart.o
 .data          0x0000000000800100        0x0 /usr/lib/gcc/avr/4.9.2/avr51/libgcc.a(_divmodhi4.o)
 .data          0x0000000000800100        0x0 /usr/lib/gcc/avr/4.9.2/avr51/libgcc.a(_exit.o)
 .data          0x0000000000800100        0x0 /usr/lib/gcc/avr/4.9.2/avr51/libgcc.a(_clear_bss.o)
 .data          0x0000000000800100        0x0 /usr/lib/gcc/avr/4.9.2/avr51/libgcc.a(_umulhisi3.o)
 .data          0x0000000000800100        0x0 /usr/lib/gcc/avr/4.9.2/avr51/libgcc.a(_udivmodhi4.o)
 .data          0x0000000000800100        0x0 /usr/lib/gcc/avr/4.9.2/../../../avr/lib/avr51/libm.a(addsf3.o)
 .data          0x0000000000800100        0x0 /usr/lib/gcc/avr/4.9.2/../../../avr/lib/avr51/libm.a(addsf3x.o)
 .data          0x0000000000800100        0x0 /usr/lib/gcc/avr/4.9.2/../../../avr/lib/avr51/libm.a(cmpsf2.o)
 .data          0x0000000000800100        0x0 /usr/lib/gcc/avr/4.9.2/../../../avr/lib/avr51/libm.a(divsf3.o)
 .data          0x0000000000800100        0x0 /usr/lib/gcc/avr/4.9.2/../../../avr/lib/avr51/libm.a(divsf3x.o)
 .data          0x0000000000800100        0x0 /usr/lib/gcc/avr/4.9.2/../../../avr/lib/avr51/libm.a(fixunssfsi.o)
 .data          0x0000000000800100        0x0 /usr/lib/gcc/avr/4.9.2/../../../avr/lib/avr51/libm.a(floatsisf.o)
 .data          0x0000000000800100        0x0 /usr/lib/gcc/avr/4.9.2/../../../avr/lib/avr51/libm.a(fp_cmp.o)
 .data          0x0000000000800100        0x0 /usr/lib/gcc/avr/4.9.2/../../../avr/lib/avr51/libm.a(fp_inf.o)
 .data          0x0000000000800100        0x0 /usr/lib/gcc/avr/4.9.2/../../../avr/lib/avr51/libm.a(fp_nan.o)
 .data          0x0000000000800100        0x0 /usr/lib/gcc/avr/4.9.2/../../../avr/lib/avr51/libm.a(fp_pscA.o)
 .data          0x0000000000800100        0x0 /usr/lib/gcc/avr/4.9.2/../../../avr/lib/avr51/libm.a(fp_pscB.o)
 .data          0x0000000000800100        0x0 /usr/lib/gcc/avr/4.9.2/../../../avr/lib/avr51/libm.a(fp_round.o)
 .data          0x0000000000800100        0x0 /usr/lib/gcc/avr/4.9.2/../../../avr/lib/avr51/libm.a(fp_split3.o)
 .data          0x0000000000800100        0x0 /usr/lib/gcc/avr/4.9.2/../../../avr/lib/avr51/libm.a(fp_zero.o)
 .data          0x0000000000800100        0x0 /usr/lib/gcc/avr/4.9.2/../../../avr/lib/avr51/libm.a(gesf2.o)
 .data          0x0000000000800100        0x0 /usr/lib/gcc/avr/4.9.2/../../../avr/lib/avr51/libm.a(mulsf3.o)
 .data          0x0000000000800100        0x0 /usr/lib/gcc/avr/4.9.2/../../../avr/lib/avr51/libm.a(mulsf3x.o)
 *(.data*)
 *(.rodata)
 *(.rodata*)
 *(.gnu.linkonce.d*)
                0x0000000000800100                . = ALIGN (0x2)
                0x0000000000800100                _edata = .
                0x0000000000800100                PROVIDE (__data_end, .)

.bss            0x0000000000800100      0x187
                0x0000000000800100                PROVIDE (__bss_start, .)
 *(.bss)
 .bss           0x0000000000800100        0x0 /usr/lib/gcc/avr/4.9.2/../../../avr/lib/avr51/crtat90can128.o
 .bss           0x0000000000800100        0x0 ./ax.o
 .bss           0x0000000000800100        0x0 ./dynamixel.o
 .bss           0x0000000000800100        0x0 ./main.o
 .bss           0x0000000000800100        0x0 ./usart.o
 .bss           0x0000000000800100        0x0 /usr/lib/gcc/avr/4.9.2/avr51/libgcc.a(_divmodhi4.o)
 .bss           0x0000000000800100        0x0 /usr/lib/gcc/avr/4.9.2/avr51/libgcc.a(_exit.o)
 .bss           0x0000000000800100        0x0 /usr/lib/gcc/avr/4.9.2/avr51/libgcc.a(_clear_bss.o)
 .bss           0x0000000000800100        0x0 /usr/lib/gcc/avr/4.9.2/avr51/libgcc.a(_umulhisi3.o)
 .bss           0x0000000000800100        0x0 /usr/lib/gcc/avr/4.9.2/avr51/libgcc.a(_udivmodhi4.o)
 .bss           0x0000000000800100        0x0 /usr/lib/gcc/avr/4.9.2/../../../avr/lib/avr51/libm.a(addsf3.o)
 .bss           0x0000000000800100        0x0 /usr/lib/gcc/avr/4.9.2/../../../avr/lib/avr51/libm.a(addsf3x.o)
 .bss           0x0000000000800100        0x0 /usr/lib/gcc/avr/4.9.2/../../../avr/lib/avr51/libm.a(cmpsf2.o)
 .bss           0x0000000000800100        0x0 /usr/lib/gcc/avr/4.9.2/../../../avr/lib/avr51/libm.a(divsf3.o)
 .bss           0x0000000000800100        0x0 /usr/lib/gcc/avr/4.9.2/../../../avr/lib/avr51/libm.a(divsf3x.o)
 .bss           0x0000000000800100        0x0 /usr/lib/gcc/avr/4.9.2/../../../avr/lib/avr51/libm.a(fixunssfsi.o)
 .bss           0x0000000000800100        0x0 /usr/lib/gcc/avr/4.9.2/../../../avr/lib/avr51/libm.a(floatsisf.o)
 .bss           0x0000000000800100        0x0 /usr/lib/gcc/avr/4.9.2/../../../avr/lib/avr51/libm.a(fp_cmp.o)
 .bss           0x0000000000800100        0x0 /usr/lib/gcc/avr/4.9.2/../../../avr/lib/avr51/libm.a(fp_inf.o)
 .bss           0x0000000000800100        0x0 /usr/lib/gcc/avr/4.9.2/../../../avr/lib/avr51/libm.a(fp_nan.o)
 .bss           0x0000000000800100        0x0 /usr/lib/gcc/avr/4.9.2/../../../avr/lib/avr51/libm.a(fp_pscA.o)
 .bss           0x0000000000800100        0x0 /usr/lib/gcc/avr/4.9.2/../../../avr/lib/avr51/libm.a(fp_pscB.o)
 .bss           0x0000000000800100        0x0 /usr/lib/gcc/avr/4.9.2/../../../avr/lib/avr51/libm.a(fp_round.o)
 .bss           0x0000000000800100        0x0 /usr/lib/gcc/avr/4.9.2/../../../avr/lib/avr51/libm.a(fp_split3.o)
 .bss           0x0000000000800100        0x0 /usr/lib/gcc/avr/4.9.2/../../../avr/lib/avr51/libm.a(fp_zero.o)
 .bss           0x0000000000800100        0x0 /usr/lib/gcc/avr/4.9.2/../../../avr/lib/avr51/libm.a(gesf2.o)
 .bss           0x0000000000800100        0x0 /usr/lib/gcc/avr/4.9.2/../../../avr/lib/avr51/libm.a(mulsf3.o)
 .bss           0x0000000000800100        0x0 /usr/lib/gcc/avr/4.9.2/../../../avr/lib/avr51/libm.a(mulsf3x.o)
 *(.bss*)
 .bss.dynamixel_rxindex
                0x0000000000800100        0x1 ./dynamixel.o
                0x0000000000800100                dynamixel_rxindex
 .bss.tx1_buffer
                0x0000000000800101       0x40 ./usart.o
 .bss.tx1_wr_index
                0x0000000000800141        0x1 ./usart.o
 .bss.tx1_counter
                0x0000000000800142        0x1 ./usart.o
 .bss.tx1_rd_index
                0x0000000000800143        0x1 ./usart.o
 .bss.rx1_buffer
                0x0000000000800144       0x40 ./usart.o
 .bss.rx1_wr_index
                0x0000000000800184        0x1 ./usart.o
 .bss.rx1_counter
                0x0000000000800185        0x1 ./usart.o
 .bss.rx1_rd_index
                0x0000000000800186        0x1 ./usart.o
 *(COMMON)
 COMMON         0x0000000000800187      0x100 ./dynamixel.o
                0x0000000000800187                dynamixel_txpacket
                0x0000000000800207                dynamixel_rxpacket
                0x0000000000800287                PROVIDE (__bss_end, .)
                0x00000000000015b4                __data_load_start = LOADADDR (.data)
                0x00000000000015b4                __data_load_end = (__data_load_start + SIZEOF (.data))

.noinit         0x0000000000800287        0x0
                0x0000000000800287                PROVIDE (__noinit_start, .)
 *(.noinit*)
                0x0000000000800287                PROVIDE (__noinit_end, .)
                0x0000000000800287                _end = .
                0x0000000000800287                PROVIDE (__heap_start, .)

.eeprom         0x0000000000810000        0x0
 *(.eeprom*)
                0x0000000000810000                __eeprom_end = .

.fuse
 *(.fuse)
 *(.lfuse)
 *(.hfuse)
 *(.efuse)

.lock
 *(.lock*)

.signature
 *(.signature*)

.user_signatures
 *(.user_signatures*)

.stab           0x0000000000000000     0x2274
 *(.stab)
 .stab          0x0000000000000000      0x8b8 ./ax.o
 .stab          0x00000000000008b8      0xfd8 ./dynamixel.o
                                       0x1194 (size before relaxing)
 .stab          0x0000000000001890      0x2e8 ./main.o
                                        0x4b0 (size before relaxing)
 .stab          0x0000000000001b78      0x6fc ./usart.o
                                        0x8c4 (size before relaxing)

.stabstr        0x0000000000000000     0x14bf
 *(.stabstr)
 .stabstr       0x0000000000000000     0x14bf ./ax.o

.stab.excl
 *(.stab.excl)

.stab.exclstr
 *(.stab.exclstr)

.stab.index
 *(.stab.index)

.stab.indexstr
 *(.stab.indexstr)

.comment        0x0000000000000000       0x11
 *(.comment)
 .comment       0x0000000000000000       0x11 ./ax.o
                                         0x12 (size before relaxing)
 .comment       0x0000000000000011       0x12 ./dynamixel.o
 .comment       0x0000000000000011       0x12 ./main.o
 .comment       0x0000000000000011       0x12 ./usart.o

.note.gnu.avr.deviceinfo
                0x0000000000000000       0x40
 .note.gnu.avr.deviceinfo
                0x0000000000000000       0x40 /usr/lib/gcc/avr/4.9.2/../../../avr/lib/avr51/crtat90can128.o

.note.gnu.build-id
 *(.note.gnu.build-id)

.debug
 *(.debug)

.line
 *(.line)

.debug_srcinfo
 *(.debug_srcinfo)

.debug_sfnames
 *(.debug_sfnames)

.debug_aranges
 *(.debug_aranges)

.debug_pubnames
 *(.debug_pubnames)

.debug_info
 *(.debug_info .gnu.linkonce.wi.*)

.debug_abbrev
 *(.debug_abbrev)

.debug_line
 *(.debug_line .debug_line.* .debug_line_end)

.debug_frame
 *(.debug_frame)

.debug_str
 *(.debug_str)

.debug_loc
 *(.debug_loc)

.debug_macinfo
 *(.debug_macinfo)

.debug_weaknames
 *(.debug_weaknames)

.debug_funcnames
 *(.debug_funcnames)

.debug_typenames
 *(.debug_typenames)

.debug_varnames
 *(.debug_varnames)

.debug_pubtypes
 *(.debug_pubtypes)

.debug_ranges
 *(.debug_ranges)

.debug_macro
 *(.debug_macro)
OUTPUT(Actuator_2k18.elf elf32-avr)
LOAD linker stubs
